---
source: rust/ommx/src/constraint/logical_memory.rs
assertion_line: 126
expression: folded
---
RemovedConstraint.equality 1
RemovedConstraint.id 8
RemovedConstraint.metadata;ConstraintMetadata.description;Option[stack] 24
RemovedConstraint.metadata;ConstraintMetadata.name;Option[stack] 24
RemovedConstraint.metadata;ConstraintMetadata.parameters;FnvHashMap[stack] 32
RemovedConstraint.metadata;ConstraintMetadata.subscripts;Vec[stack] 24
RemovedConstraint.stage;RemovedData.function;Linear;PolynomialBase.terms 56
RemovedConstraint.stage;RemovedData.removed_reason 34
RemovedConstraint.stage;RemovedData.removed_reason_parameters;FnvHashMap[stack] 32
