---
source: rust/ommx/src/constraint/logical_memory.rs
expression: folded
---
Constraint.equality 1
Constraint.id 8
Constraint.metadata;ConstraintMetadata.description 41
Constraint.metadata;ConstraintMetadata.name 39
Constraint.metadata;ConstraintMetadata.parameters;FnvHashMap[stack] 32
Constraint.metadata;ConstraintMetadata.provenance;Option[stack] 16
Constraint.metadata;ConstraintMetadata.subscripts 24
Constraint.metadata;ConstraintMetadata.subscripts;Vec[stack] 24
Constraint.stage;CreatedData.function;Linear;PolynomialBase.terms 56
